// Jest Snapshot v1, https://goo.gl/fbAQLP

exports[`Content should be rendered without crash 1`] = `
<li
  className="MuiListItem-root-3 MuiListItem-default-6 MuiListItem-dense-7 MuiListItem-gutters-11 MuiListItem-alignItemsFlexStart-8"
  disabled={false}
>
  <div
    className="MuiAvatar-root-18 MuiListItemAvatar-alignItemsFlexStart-16"
  >
    <img
      alt="Soheil Alavi"
      className="MuiAvatar-img-20"
      src="https://material-ui.com/static/images/avatar/1.jpg"
    />
  </div>
  <div
    className="MuiListItemText-root-21"
  >
    <span
      className="MuiTypography-root-27 MuiTypography-subheading-34 MuiListItemText-primary-24"
    />
    <span
      className="MuiTypography-root-27 MuiTypography-body1-36 MuiTypography-colorTextPrimary-59 Content-inline-2"
    >
      Something good
    </span>
  </div>
  <button
    className="MuiButtonBase-root-89 MuiButton-root-63 MuiButton-text-65 MuiButton-flat-68"
    disabled={false}
    onBlur={[Function]}
    onClick={[Function]}
    onContextMenu={[Function]}
    onFocus={[Function]}
    onKeyDown={[Function]}
    onKeyUp={[Function]}
    onMouseDown={[Function]}
    onMouseLeave={[Function]}
    onMouseUp={[Function]}
    onTouchEnd={[Function]}
    onTouchMove={[Function]}
    onTouchStart={[Function]}
    tabIndex="0"
    type="button"
  >
    <span
      className="MuiButton-label-64"
    >
      <svg
        aria-hidden="true"
        className="MuiSvgIcon-root-92"
        focusable="false"
        role="presentation"
        viewBox="0 0 24 24"
      >
        <path
          d="M6 19c0 1.1.9 2 2 2h8c1.1 0 2-.9 2-2V7H6v12zM19 4h-3.5l-1-1h-5l-1 1H5v2h14V4z"
        />
        <path
          d="M0 0h24v24H0z"
          fill="none"
        />
      </svg>
    </span>
    <span
      className="MuiTouchRipple-root-117"
    />
  </button>
</li>
`;
